2025-09-19 19:00:45,555 - DependencyManager - INFO - Loaded configuration from /home/ahmed/WorkDir/reactos_arm64/boot/uefinity/deps.yaml
2025-09-19 19:00:45,555 - DependencyManager - INFO - Managing 1 third-party libraries...
2025-09-19 19:00:45,556 - DependencyManager - INFO - Processing rapidyaml...
2025-09-19 19:00:45,556 - DependencyManager - INFO - rapidyaml: Cloning from https://github.com/biojppm/rapidyaml.git...
2025-09-19 19:00:55,348 - DependencyManager - INFO - Created stamp file for rapidyaml
2025-09-19 19:00:55,348 - DependencyManager - INFO - rapidyaml: Successfully checked out master (83378611)
2025-09-19 19:00:55,348 - DependencyManager - INFO - Dependency management complete: 1/1 successful
2025-09-19 19:01:11,308 - DependencyManager - INFO - Loaded configuration from /home/ahmed/WorkDir/reactos_arm64/boot/uefinity/deps.yaml
2025-09-19 19:01:11,308 - DependencyManager - INFO - Managing 1 third-party libraries...
2025-09-19 19:01:11,308 - DependencyManager - INFO - Processing rapidyaml...
2025-09-19 19:01:11,313 - DependencyManager - INFO - rapidyaml: Up to date
2025-09-19 19:01:11,313 - DependencyManager - INFO - Dependency management complete: 1/1 successful
2025-09-19 19:01:15,428 - DependencyManager - INFO - Loaded configuration from /home/ahmed/WorkDir/reactos_arm64/boot/uefinity/deps.yaml
2025-09-19 19:01:15,429 - DependencyManager - INFO - Managing 1 third-party libraries...
2025-09-19 19:01:15,429 - DependencyManager - INFO - Processing rapidyaml...
2025-09-19 19:01:15,446 - DependencyManager - INFO - rapidyaml: Fetching updates...
2025-09-19 19:01:16,821 - DependencyManager - INFO - Created stamp file for rapidyaml
2025-09-19 19:01:16,822 - DependencyManager - INFO - rapidyaml: Successfully checked out master (83378611)
2025-09-19 19:01:16,823 - DependencyManager - INFO - Dependency management complete: 1/1 successful
2025-09-19 19:02:17,013 - DependencyManager - INFO - Loaded configuration from /home/ahmed/WorkDir/reactos_arm64/boot/uefinity/deps.yaml
2025-09-19 19:02:17,013 - DependencyManager - INFO - Managing 1 third-party libraries...
2025-09-19 19:02:17,013 - DependencyManager - INFO - Processing rapidyaml...
2025-09-19 19:02:17,018 - DependencyManager - INFO - rapidyaml: Fetching updates...
2025-09-19 19:02:26,668 - DependencyManager - INFO - Created stamp file for rapidyaml
2025-09-19 19:02:26,668 - DependencyManager - INFO - rapidyaml: Successfully checked out master (83378611)
2025-09-19 19:02:26,668 - DependencyManager - INFO - Dependency management complete: 1/1 successful
2025-09-19 19:02:40,056 - DependencyManager - INFO - Loaded configuration from /home/ahmed/WorkDir/reactos_arm64/boot/uefinity/deps.yaml
2025-09-19 19:02:40,056 - DependencyManager - INFO - Managing 1 third-party libraries...
2025-09-19 19:02:40,056 - DependencyManager - INFO - Processing rapidyaml...
2025-09-19 19:02:40,061 - DependencyManager - INFO - rapidyaml: Up to date
2025-09-19 19:02:40,061 - DependencyManager - INFO - Dependency management complete: 1/1 successful
2025-09-19 19:02:51,900 - DependencyManager - INFO - Loaded configuration from /home/ahmed/WorkDir/reactos_arm64/boot/uefinity/deps.yaml
2025-09-19 19:02:51,900 - DependencyManager - INFO - Managing 1 third-party libraries...
2025-09-19 19:02:51,900 - DependencyManager - INFO - Processing rapidyaml...
2025-09-19 19:02:51,905 - DependencyManager - INFO - rapidyaml: Up to date
2025-09-19 19:02:51,905 - DependencyManager - INFO - Dependency management complete: 1/1 successful
2025-09-19 19:03:10,126 - DependencyManager - INFO - Loaded configuration from /home/ahmed/WorkDir/reactos_arm64/boot/uefinity/deps.yaml
2025-09-19 19:03:10,126 - DependencyManager - INFO - Managing 1 third-party libraries...
2025-09-19 19:03:10,126 - DependencyManager - INFO - Processing rapidyaml...
2025-09-19 19:03:10,132 - DependencyManager - INFO - rapidyaml: Up to date
2025-09-19 19:03:10,132 - DependencyManager - INFO - Dependency management complete: 1/1 successful
